[3d-otomotive.framer.ai/index.html]
[backblue.gif]
[fade.gif]
[index.html]
[framerusercontent.com/images/T26kxcGg7wxhC627DjGq25XdNnM.png]
[framerusercontent.com/images/D6wf8JaU4OuFCRTfq3B8Dak6No.png]
[3d-otomotive.framer.ai/menu.html]
[framerusercontent.com/images/4mPRED8SG6kYrIHbXslYeVvTGDw.png]
[framerusercontent.com/images/EEasxLbwl5LzroLU28D7iXFDhpU.gif]
[framerusercontent.com/images/1IpXmlAkbcGb3jBBaG9Nw0F0SpU.jpg]
[framerusercontent.com/images/2deEP3ANfeVjtdO2iHcXnIyTiQ.png]
[3d-otomotive.framer.ai/index.html]
[3d-otomotive.framer.ai/deskripsi.html]
[3d-otomotive.framer.ai/materi.html]
[3d-otomotive.framer.ai/evaluasi.html]
[framerusercontent.com/images/x5ZuMjYHK9e0ZGPfDcDNaDM4A5k.png]
[3d-otomotive.framer.ai/author.html]
[framerusercontent.com/images/goDydzYSgPyh2NEeEaVOzlyMo.png]
[3d-otomotive.framer.ai/menu.html]
[3d-otomotive.framer.ai/deskripsi.html]
[framerusercontent.com/images/Pp92YH641HoMPkvuw8VXw6nUg.gif]
[3d-otomotive.framer.ai/materi-dasar-pemeliharaan.html]
[3d-otomotive.framer.ai/materi-langkah-perbaikan.html]
[framerusercontent.com/images/ScF6ks9sBpSgYITKx8lhyfFals.gif]
[framerusercontent.com/images/qFqV3HDSY1GlMIwJOZpyExc5gSo.png]
[3d-otomotive.framer.ai/otomotif-mesin-komponen.html]
[3d-otomotive.framer.ai/otomotif-mesin-pengoperasian.html]
[framerusercontent.com/images/iVU8ncBAB5jkMUz6yYVAsCW2Mzo.gif]
[framerusercontent.com/images/tvRJDnteTy6yHe21odAPGwiPU.gif]
[3d-otomotive.framer.ai/materi.html]
[3d-otomotive.framer.ai/evaluasi.html]
[3d-otomotive.framer.ai/otomotif-pemeriksaan-mesin.html]
[framerusercontent.com/images/LvWRydr4Ud95n6ZCYgVgSQa3f6c.jpg]
[framerusercontent.com/images/OjehNo4TDm5iAqSe2tzZjixgYng.png]
[3d-otomotive.framer.ai/author.html]
[framerusercontent.com/images/NM5ept9oODcV0k1IYqYYgunfWo.png]
[3d-otomotive.framer.ai/materi-pemeliharaan-terencana.html]
[3d-otomotive.framer.ai/materi-pemeliharaan-tidakterencana.html]
[framerusercontent.com/images/gATwxgJX0ywGw9bRXXqtBn7ti8.png]
[framerusercontent.com/images/PIPpbDibGLeiNwIfs5oeUVuxzw.png]
[framerusercontent.com/images/QEr1fhrI45Qa0V5j6KzgMnG5yRU.png]
[3d-otomotive.framer.ai/materi-dasar-pemeliharaan.html]
[framerusercontent.com/images/st6WWE3LyoV6VWRJVBQuKB2w8.png]
[framerusercontent.com/images/2nPwBzFuf55wBUJiBQ0yTOu9o.png]
[framerusercontent.com/images/XLAXbNYxOSGjvcXoWCM7YLNGVmY.png]
[framerusercontent.com/images/MuySNxb2Lzw5QspWXuW74N5dI.png]
[framerusercontent.com/images/VwrLwI8RTZVK9SwKhXj5ktLQXjc.png]
[3d-otomotive.framer.ai/materi-langkah-perbaikan.html]
[framerusercontent.com/images/GcWuwhmuL9MGWZWsF6rhs7PsKgs.png]
[framerusercontent.com/images/qQOP28PrTSXFDNfKkfWt2OH13oY.png]
[framerusercontent.com/images/RM5HGaShibiXb7WAFKMFxyjIwE.png]
[framerusercontent.com/images/jl6ai2edhDYATLM0G7y9MxbbWQ.png]
[3d-otomotive.framer.ai/otomotif-mesin-komponen.html]
[3d-otomotive.framer.ai/otomotif-mesin-pengoperasian.html]
[3d-otomotive.framer.ai/otomotif-mekanisme-katup.html]
[3d-otomotive.framer.ai/otomotif-pemeriksaan-mesin.html]
[framerusercontent.com/images/hY1TSRohfgGIv24CbWnngk7l1bY.png]
[framerusercontent.com/images/SlzVT5txS28EVS9FsZzcQ9cJY4w.png]
[framerusercontent.com/images/vsuiGKS67lC9Jf0OTfU6qAr6s.jpg]
[framerusercontent.com/images/KshAifFXzwuXEz9W01zNsrp4lA4.jpg]
[framerusercontent.com/images/DzEzA3PjvfORlyHtnTFzgOs0.jpg]
[framerusercontent.com/images/uYu42w6hXah78z6ksivyWDFqPg.jpg]
[3d-otomotive.framer.ai/materi-pemeliharaan-terencana.html]
[framerusercontent.com/images/NL1aAovhwK5Np6f785RNShUj31c.png]
[framerusercontent.com/images/KfPO2470LZcCXrmp2ev6zXmNBwU.png]
[framerusercontent.com/images/rw3adeChcpRfIIaRNtQUFExuw.png]
[3d-otomotive.framer.ai/materi-pemeliharaan-tidakterencana.html]
[3d-otomotive.framer.ai/otomotif-mekanisme-katup.html]
